# 一

创建块

```shell
(base) lv@lv:fs-tech-inside-story$ dd if=/dev/zero of=./img.bin bs=1M count=1
记录了1+0 的读入
记录了1+0 的写出

```

格式化块

```shell
(base) lv@lv:fs-tech-inside-story$ mkfs.ext2  img.bin 
mke2fs 1.44.1 (24-Mar-2018)
丢弃设备块： 完成                            
创建含有 1024 个块（每块 1k）和 128 个inode的文件系统

正在分配组表： 完成                            
正在写入inode表： 完成                            
写入超级块和文件系统账户统计信息： 已完成

```

查看块中文件系统

```shell
(base) lv@lv:fs-tech-inside-story$ dumpe2fs img.bin 
dumpe2fs 1.44.1 (24-Mar-2018)
Filesystem volume name:   <none>
Last mounted on:          <not available>
Filesystem UUID:          5d3903f2-fcc6-4209-9e03-d8d3e68282ae
Filesystem magic number:  0xEF53
Filesystem revision #:    1 (dynamic)
Filesystem features:      ext_attr resize_inode dir_index filetype sparse_super large_file
Filesystem flags:         signed_directory_hash 
Default mount options:    user_xattr acl
Filesystem state:         clean
Errors behavior:          Continue
Filesystem OS type:       Linux
Inode count:              128
Block count:              1024
Reserved block count:     51
Free blocks:              986
Free inodes:              117
First block:              1
Block size:               1024
Fragment size:            1024
Reserved GDT blocks:      3
Blocks per group:         8192
Fragments per group:      8192
Inodes per group:         128
Inode blocks per group:   16
Filesystem created:       Sat Mar  5 19:49:34 2022
Last mount time:          n/a
Last write time:          Sat Mar  5 19:49:34 2022
Mount count:              0
Maximum mount count:      -1
Last checked:             Sat Mar  5 19:49:34 2022
Check interval:           0 (<none>)
Reserved blocks uid:      0 (user root)
Reserved blocks gid:      0 (group root)
First inode:              11
Inode size:	          128
Default directory hash:   half_md4
Directory Hash Seed:      2f2d4f8a-2177-44b3-ae57-b4727418599e


组 0：(块 1-1023)
  主 超级块位于 1，组描述符位于 2-2
  保留的GDT块位于 3-5
  块位图位于 6 (+5)
  Inode 位图位于 7 (+6)
  Inode表位于 8-23 (+7)
  986 个可用 块，117 个可用inode，2 个目录 
  可用块数： 38-1023
  可用inode数： 12-128
```

挂载到本地

```shell
mkdir /dev/loop34
sudo losetup /dev/loop34 ./img.bin
sudo mount /dev/loop34 /tmp/ext2/

(base) lv@lv:fs-tech-inside-story$ tree  /tmp/ext2/
/tmp/ext2/
└── lost+found [error opening dir]

1 directory, 0 files
```


